node.exe : npm error could not determine 
executable to run
At line:1 char:1
+ & "C:\Program Files\nodejs/node.exe" 
"C:\Program Files\nodejs/node_mo ...
+ ~~~~~~~~~~~~~~~~~~~~~~~~~~~~~~~~~~~~~~~~~~
~~~~~~~~~~~~~~~~~~~~~~~~~~~
    + CategoryInfo          : NotSpecified: 
    (npm error could...ecutable to run:Str  
  ing) [], RemoteException
    + FullyQualifiedErrorId : NativeCommand 
   Error
 
npm error A complete log of this run can be 
found in: C:\Users\harsh\AppData\Local\npm-c
ache\_logs\2026-03-27T16_59_58_268Z-debug-0.
log
